FAIL __tests__/MasterDetail_Orchestration.test.js
  Engine_DB Orchestration: Master-Detail (nested payloads)
    × Should orchestrate a nested save: Parent first, then inject PK into Children (7 ms)

  ● Engine_DB Orchestration: Master-Detail (nested payloads) › Should orchestrate a nested save: Parent first, then inject PK into Children

    expect(jest.fn()).toHaveBeenCalledWith(...expected)

    Expected: "Grupo_Producto", Anything, Anything
    Received: "Portafolio", {"nombre": "Portafolio de Innovación", "proposito": "Pruebas de Orquestación"}, {"SPREADSHEET_ID_DB": "test-spreadsheet-id", "useCloudDB": false, "useSheets": true}

    Number of calls: 1

    [0m [90m 70 |[39m         [90m// Según la especificación: "envía el arreglo de hijos a ser guardados masivamente"[39m
     [90m 71 |[39m         [90m// Verificamos que se llamó para los hijos[39m
    [31m[1m>[22m[39m[90m 72 |[39m         expect([33mAdapter_Sheets[39m[33m.[39mupsert)[33m.[39mtoHaveBeenCalledWith([32m'Grupo_Producto'[39m[33m,[39m expect[33m.[39manything()[33m,[39m expect[33m.[39manything())[33m;[39m
     [90m    |[39m                                       [31m[1m^[22m[39m
     [90m 73 |[39m
     [90m 74 |[39m         [90m// C. INYECCIÓN DE LLAVE FORÁNEA (Crucial):[39m
     [90m 75 |[39m         [90m// El segundo llamado (hijos) DEBE contener la id_portafolio del padre[39m[0m

      at Object.toHaveBeenCalledWith (__tests__/MasterDetail_Orchestration.test.js:72:39)

Test Suites: 1 failed, 1 total
Tests:       1 failed, 1 total
Snapshots:   0 total
Time:        0.998 s, estimated 1 s
Ran all test suites matching __tests__/MasterDetail_Orchestration.test.js.
