node.exe : FAIL __tests__/adapter_sheets.update.test.js
En línea: 1 Carácter: 1
+ & "C:\Program Files\nodejs/node.exe" "C:\Program Files\nodejs/node_mo ...
+ ~~~~~~~~~~~~~~~~~~~~~~~~~~~~~~~~~~~~~~~~~~~~~~~~~~~~~~~~~~~~~~~~~~~~~
    + CategoryInfo          : NotSpecified: (FAIL __tests__/....update.test.js:Stri 
   ng) [], RemoteException
    + FullyQualifiedErrorId : NativeCommandError
 
  Audit Trail: Adapter_Sheets Inmutabilidad en Update
    ├ù Debe preservar created_at de ayer y actualizar updated_at ignorando llaves 
sucias del Frontend (3 ms)

  ÔùÅ Audit Trail: Adapter_Sheets Inmutabilidad en Update ÔÇ║ Debe preservar 
created_at de ayer y actualizar updated_at ignorando llaves sucias del Frontend

    TypeError: sheet.getLastRow is not a function

    [0m [90m 206 |[39m         
     [90m 207 |[39m         [90m// Auto-inyectar headers de esquema si est├í 
reci├®n creada[39m
    [31m[1m>[22m[39m[90m 208 |[39m         [36mif[39m 
(sheet[33m.[39mgetLastRow() [33m===[39m [35m0[39m) {
     [90m     |[39m                   [31m[1m^[22m[39m
     [90m 209 |[39m             [36mlet[39m schemaFields [33m=[39m 
[][33m;[39m
     [90m 210 |[39m             [36mif[39m ([36mtypeof[39m 
[33mAPP_SCHEMAS[39m [33m!==[39m [32m'undefined'[39m [33m&&[39m 
[33mAPP_SCHEMAS[39m[tableName]) {
     [90m 211 |[39m                 [36mif[39m 
([33mAPP_SCHEMAS[39m[tableName][33m.[39mfields) {[0m

      at Object.getLastRow [as _ensureSheetExists] (src/Adapter_Sheets.js:208:19)
      at Object._ensureSheetExists [as upsert] (src/Adapter_Sheets.js:41:28)
      at Object.upsert (__tests__/adapter_sheets.update.test.js:98:39)

FAIL __tests__/Dominio_Provisioning.test.js
  Auto-Aprovisionamiento DB y Schema Dominio
    ├ù Debe crear la hoja Dominio autom├íticamente e inyectarle los encabezados del 
esquema + auditor├¡a (1 ms)

  ÔùÅ Auto-Aprovisionamiento DB y Schema Dominio ÔÇ║ Debe crear la hoja Dominio 
autom├íticamente e inyectarle los encabezados del esquema + auditor├¡a

    TypeError: sheet.getDataRange(...).getValues is not a function

    [0m [90m 248 |[39m
     [90m 249 |[39m         [90m// [Regla 11: Performance] - Est├índar 
Inmutable: Traer todo el rango de datos en una sola llamada[39m
    [31m[1m>[22m[39m[90m 250 |[39m         [36mconst[39m data [33m=[39m 
sheet[33m.[39mgetDataRange()[33m.[39mgetValues()[33m;[39m
     [90m     |[39m                                           [31m[1m^[22m[39m
     [90m 251 |[39m         [36mif[39m (data[33m.[39mlength [33m<[39m 
[35m1[39m) [36mreturn[39m { headers[33m:[39m [][33m,[39m rows[33m:[39m [] 
}[33m;[39m
     [90m 252 |[39m
     [90m 253 |[39m         [90m// 2. Header Caching: Evitar re-procesar Regex 
si ya se hizo en esta ejecuci├│n[39m[0m

      at Object.getValues [as list] (src/Adapter_Sheets.js:250:43)
      at Object.list (__tests__/Dominio_Provisioning.test.js:75:39)

FAIL __tests__/performance_stress.test.js
  Performance Stress Regression Test (1K Records)
    ├ù Engine_DB.list should process 1,000 records as tuples without memory issues 
(1 ms)
    ├ù Engine_DB.list should cache the result to achieve < 1.5s SLA (Rule 11/12)

  ÔùÅ Performance Stress Regression Test (1K Records) ÔÇ║ Engine_DB.list should 
process 1,000 records as tuples without memory issues

    TypeError: sheet.getLastRow is not a function

    [0m [90m 206 |[39m         
     [90m 207 |[39m         [90m// Auto-inyectar headers de esquema si est├í 
reci├®n creada[39m
    [31m[1m>[22m[39m[90m 208 |[39m         [36mif[39m 
(sheet[33m.[39mgetLastRow() [33m===[39m [35m0[39m) {
     [90m     |[39m                   [31m[1m^[22m[39m
     [90m 209 |[39m             [36mlet[39m schemaFields [33m=[39m 
[][33m;[39m
     [90m 210 |[39m             [36mif[39m ([36mtypeof[39m 
[33mAPP_SCHEMAS[39m [33m!==[39m [32m'undefined'[39m [33m&&[39m 
[33mAPP_SCHEMAS[39m[tableName]) {
     [90m 211 |[39m                 [36mif[39m 
([33mAPP_SCHEMAS[39m[tableName][33m.[39mfields) {[0m

      at Object.getLastRow [as _ensureSheetExists] (src/Adapter_Sheets.js:208:19)
      at Object._ensureSheetExists [as list] (src/Adapter_Sheets.js:247:28)
      at Object.list (src/Engine_DB.js:251:40)
      at Object.list (__tests__/performance_stress.test.js:36:30)

  ÔùÅ Performance Stress Regression Test (1K Records) ÔÇ║ Engine_DB.list should 
cache the result to achieve < 1.5s SLA (Rule 11/12)

    TypeError: sheet.getLastRow is not a function

    [0m [90m 206 |[39m         
     [90m 207 |[39m         [90m// Auto-inyectar headers de esquema si est├í 
reci├®n creada[39m
    [31m[1m>[22m[39m[90m 208 |[39m         [36mif[39m 
(sheet[33m.[39mgetLastRow() [33m===[39m [35m0[39m) {
     [90m     |[39m                   [31m[1m^[22m[39m
     [90m 209 |[39m             [36mlet[39m schemaFields [33m=[39m 
[][33m;[39m
     [90m 210 |[39m             [36mif[39m ([36mtypeof[39m 
[33mAPP_SCHEMAS[39m [33m!==[39m [32m'undefined'[39m [33m&&[39m 
[33mAPP_SCHEMAS[39m[tableName]) {
     [90m 211 |[39m                 [36mif[39m 
([33mAPP_SCHEMAS[39m[tableName][33m.[39mfields) {[0m

      at Object.getLastRow [as _ensureSheetExists] (src/Adapter_Sheets.js:208:19)
      at Object._ensureSheetExists [as list] (src/Adapter_Sheets.js:247:28)
      at Object.list (src/Engine_DB.js:251:40)
      at Object.list (__tests__/performance_stress.test.js:54:15)

FAIL __tests__/Capacidad_Provisioning.test.js
  Red Phase - Auto-Aprovisionamiento DB y Schema: Capacidad
    ├ù Debe interceptar, crear la hoja Capacidad e inyectarle los encabezados 
planos + auditor├¡a (3 ms)

  ÔùÅ Red Phase - Auto-Aprovisionamiento DB y Schema: Capacidad ÔÇ║ Debe 
interceptar, crear la hoja Capacidad e inyectarle los encabezados planos + 
auditor├¡a

    expect(received).toEqual(expected) // deep equality

    - Expected  - 0
    + Received  + 2

    @@ -12,6 +12,8 @@
        "path_completo_es",
        "created_at",
        "created_by",
        "updated_at",
        "updated_by",
    +   "deleted_at",
    +   "deleted_by",
      ]

    [0m [90m 90 |[39m         ][33m;[39m
     [90m 91 |[39m         
    [31m[1m>[22m[39m[90m 92 |[39m         
expect(injectedHeaders)[33m.[39mtoEqual(expectedHeaders)[33m;[39m
     [90m    |[39m                                 [31m[1m^[22m[39m
     [90m 93 |[39m         
     [90m 94 |[39m         [90m// 3. Validar finalizaci├│n limpia del RPC 
list()[39m
     [90m 95 |[39m         
expect(result[33m.[39mrows)[33m.[39mtoEqual([])[33m;[39m[0m

      at Object.toEqual (__tests__/Capacidad_Provisioning.test.js:92:33)

FAIL __tests__/Unidad_Negocio_CRUD.test.js
  Unidad_Negocio CRUD - Verification
    ÔêÜ Should handle "Unidad_Negocio" creation via API_Universal (1 ms)
    ÔêÜ Should verify schema existence in Schema_Engine.gs
    ├ù Should generate a short UUID (UNID-XXXXX) if id_unidad_negocio is missing in 
Router (1 ms)

  ÔùÅ Unidad_Negocio CRUD - Verification ÔÇ║ Should generate a short UUID 
(UNID-XXXXX) if id_unidad_negocio is missing in Router

    expect(received).toBe(expected) // Object.is equality

    Expected: "success"
    Received: undefined

    [0m [90m 67 |[39m         [36mconst[39m response [33m=[39m [33mAPI_Unive
rsal[39m[33m.[39m[33mAPI_Universal_Router[39m([32m'create'[39m[33m,[39m 
[32m'Unidad_Negocio'[39m[33m,[39m payloadWithoutId)[33m;[39m
     [90m 68 |[39m
    [31m[1m>[22m[39m[90m 69 |[39m         
expect(response[33m.[39mstatus)[33m.[39mtoBe([32m'success'[39m)[33m;[39m
     [90m    |[39m                                 [31m[1m^[22m[39m
     [90m 70 |[39m         expect([33mEngine_DB_Mock[39m[33m.[39mcreate)[33m.
[39mtoHaveBeenCalled()[33m;[39m
     [90m 71 |[39m         
     [90m 72 |[39m         [36mconst[39m [entityName[33m,[39m data] 
[33m=[39m [33mEngine_DB_Mock[39m[33m.[39mcreate[33m.[39mmock[33m.[39mcalls
[[35m0[39m][33m;[39m[0m

      at Object.toBe (__tests__/Unidad_Negocio_CRUD.test.js:69:33)

FAIL __tests__/Adapter_Sheets.delete.test.js
  Soft Delete: Adapter_Sheets Inmutabilidad en Delete
    ├ù Debe realizar Soft Delete cambiando el estado a Eliminado y actualizando la 
Auditor├¡a (1 ms)

  ÔùÅ Soft Delete: Adapter_Sheets Inmutabilidad en Delete ÔÇ║ Debe realizar Soft 
Delete cambiando el estado a Eliminado y actualizando la Auditor├¡a

    TypeError: sheet.getLastRow is not a function

    [0m [90m 206 |[39m         
     [90m 207 |[39m         [90m// Auto-inyectar headers de esquema si est├í 
reci├®n creada[39m
    [31m[1m>[22m[39m[90m 208 |[39m         [36mif[39m 
(sheet[33m.[39mgetLastRow() [33m===[39m [35m0[39m) {
     [90m     |[39m                   [31m[1m^[22m[39m
     [90m 209 |[39m             [36mlet[39m schemaFields [33m=[39m 
[][33m;[39m
     [90m 210 |[39m             [36mif[39m ([36mtypeof[39m 
[33mAPP_SCHEMAS[39m [33m!==[39m [32m'undefined'[39m [33m&&[39m 
[33mAPP_SCHEMAS[39m[tableName]) {
     [90m 211 |[39m                 [36mif[39m 
([33mAPP_SCHEMAS[39m[tableName][33m.[39mfields) {[0m

      at Object.getLastRow [as _ensureSheetExists] (src/Adapter_Sheets.js:208:19)
      at Object._ensureSheetExists [as remove] (src/Adapter_Sheets.js:143:28)
      at Object.remove (__tests__/Adapter_Sheets.delete.test.js:86:39)

PASS __tests__/Subgrid_Lifecycle.test.js
  Test 1 ÔÇö Hydration Test (initSubgridState)
    ÔêÜ Padre con 2 hijos debe inicializar el estado del subgrid con exactamente 2 
registros
    ÔêÜ Hydration produce una COPIA (no la referencia original)
    ÔêÜ Padre sin hijos inicializa el estado como arreglo vac├¡o (1 ms)
    ÔêÜ parentData null inicializa el estado como arreglo vac├¡o
  Test 2 ÔÇö Modal Exclusion Test (filterAvailableOptions)
    ÔêÜ Cat├ílogo de 5, subgrid con 2 ÔåÆ modal debe mostrar exactamente 3 opciones
    ÔêÜ Los 3 disponibles NO contienen elementos ya vinculados
    ÔêÜ Filtra correctamente aunque el ID del subgrid tenga diferente 
capitalizaci├│n (1 ms)
    ÔêÜ Con subgrid vac├¡o, el modal debe mostrar TODOS los disponibles (5)
  Test 3 ÔÇö Link Test (linkRecord)
    ÔêÜ A├▒adir un NUEVO registro al subgrid crece el estado a 3 elementos
    ÔêÜ El payload de guardado incluye la FK correcta para los 3 hijos
    ÔêÜ linkRecord es inmutable: el arreglo original no se muta (1 ms)
    ÔêÜ linkRecord es idempotente: no agrega duplicados
  Test 4 ÔÇö Unlink Test (unlinkRecord)
    ÔêÜ Eliminar un elemento del subgrid reduce el estado a 1
    ÔêÜ El elemento eliminado es reportado en "removed" para que el backend haga 
diffing
    ÔêÜ unlinkRecord es inmutable: el arreglo original no se muta
    ÔêÜ Eliminar un ID que NO existe devuelve el mismo estado y removed = null (1 
ms)
    ÔêÜ Eliminar con ID sucio (espacios + lowercase) funciona correctamente

PASS __tests__/MasterDetail_Regression.test.js
  Test 1 ÔÇö Motor de Reconciliaci├│n (Orphan Cleanup)
    ÔêÜ Padre con 3 hijos guardado con solo 2: debe desvincular el hu├®rfano (FK = 
"") (1 ms)
  Test 2 ÔÇö Aislamiento de Cach├® (Inmutabilidad de Estado)
    ÔêÜ Inyectar un nuevo registro no debe mutar el arreglo original del cach├®
    ÔêÜ Actualizar un registro existente tampoco debe mutar el arreglo original (1 
ms)
  Test 3 ÔÇö Saneamiento de Filtro (isRecordLinked con IDs sucios)
    ÔêÜ Detecta un registro vinculado con ID limpio (caso base)
    ÔêÜ Detecta un registro vinculado si el candidato tiene espacios extra
    ÔêÜ Detecta un registro vinculado si el candidato est├í en min├║sculas
    ÔêÜ Combina suciedad: espacios + lowercase
    ÔêÜ Retorna false para un registro NO vinculado
    ÔêÜ Retorna false si linkedRecords est├í vac├¡o (1 ms)
    ÔêÜ Retorna false si linkedRecords es null (robusto ante estado no inicializado)

PASS __tests__/Portafolio_CRUD.test.js
  Portafolio CRUD - Capa de Servicio API_Universal
    ÔêÜ POST (Create) inyecta campos de auditor├¡a (created_at y updated_by) 
correctamente antes de invocar Engine_DB

PASS __tests__/MasterDetail_Orchestration.test.js
  Engine_DB Orchestration: Master-Detail (nested payloads)
    ÔêÜ Should orchestrate a nested save: Parent first, then inject PK into 
Children (1 ms)

PASS __tests__/API_Auth.test.js
  API_Auth: Capa de Identidad y Seguridad
    ÔêÜ Debe autorizar a un usuario con dominio @gmail.com
    ÔêÜ Debe autorizar a un usuario con dominio @bellfy.app (1 ms)
    ÔêÜ Debe rechazar a un usuario con dominio no autorizado (@hotmail.com)
    ÔêÜ Debe manejar correos con may├║sculas y espacios correctamente
    ÔêÜ Debe rechazar el acceso si no se provee correo (sesi├│n no disponible)

PASS __tests__/Engine_DB.test.js
  Engine_DB Facade (Dual-Write & Idempotency)
    ÔêÜ 1. Dual-Write: Debe invocar ambos adaptadores al guardar un registro (1 ms)
    ÔêÜ 2. Idempotencia y Upsert: M├║ltiples env├¡os del mismo Payload no deben 
duplicar registros
    ÔêÜ 3. Resiliencia: Si Adapter_CloudDB falla, Adapter_Sheets debe guardar de 
todas formas
  Adapter_Sheets Normalization Logic (Regla 4.7)
    ÔêÜ Debe estandarizar el Mapping f├¡sico a formato snake_case predecible (1 ms)
    ÔêÜ Debe requerir un Primary Key (PK) para evitar el uso ciego de appendRow

PASS __tests__/MasterDetail_Corruption.test.js
  Master-Detail Data Integrity & Hydration
    ÔêÜ Bug 1: Children should receive unique IDs if missing (1 ms)
    ÔêÜ Bug 2: Batch saving should not overwrite (verified via call count)
    ÔêÜ Bug 3: Read single should hydrate relations

PASS __tests__/Equipo_CRUD_Fix.test.js
  Equipo Entity Structural Integrity - Blueprint V2
    ÔêÜ 1. Equipo schema MUST define primaryKey and titleField at root (1 ms)
    ÔêÜ 2. Relation fields MUST use type: "select" and NOT the unimplemented 
"lookup"
    ÔêÜ 3. Must contain explicitly the estado hidden field for soft delete engine

PASS __tests__/Persona_CRUD.test.js
  Persona CRUD - Blueprint V2 Verification
    ÔêÜ Step 1: Document Schema - Should verify schema existence in Schema_Engine.gs
    ÔêÜ Step 2 & 5: UI Routing & Zero-Touch - Should verify ENTITY_META 
registration in Index.html (1 ms)
    ÔêÜ Step 4: Output Sanitization - API should return JSON sanitized data
    ÔêÜ Step 6: Build Tracking - APP_VERSION should be bumped from v1.0.6 to v1.0.7

PASS __tests__/FormEngine_UI_List.test.js
  Frontend (Listado): Filtro de Soft Delete
    ÔêÜ Debe excluir del DataGrid los registros con estado Eliminado

Test Suites: 6 failed, 2 skipped, 10 passed, 16 of 18 total
Tests:       7 failed, 8 skipped, 52 passed, 67 total
Snapshots:   0 total
Time:        1.867 s
Ran all test suites.
